exports[`test big renders 1`] = `
<div>
  <div>
    <div
      col={1}
      row={1}>
      1, 1
    </div>
    <div
      col={1}
      row={2}>
      1, 2
    </div>
    <div
      col={1}
      row={3}>
      1, 3
    </div>
    <div
      col={1}
      row={4}>
      1, 4
    </div>
    <div
      col={1}
      row={5}>
      1, 5
    </div>
    <div
      col={1}
      row={6}>
      1, 6
    </div>
    <div
      col={1}
      row={7}>
      1, 7
    </div>
    <div
      col={1}
      row={8}>
      1, 8
    </div>
    <div
      col={1}
      row={9}>
      1, 9
    </div>
    <div
      col={1}
      row={10}>
      1, 10
    </div>
    <div
      col={2}
      row={1}>
      2, 1
    </div>
    <div
      col={2}
      row={2}>
      2, 2
    </div>
    <div
      col={2}
      row={3}>
      2, 3
    </div>
    <div
      col={2}
      row={4}>
      2, 4
    </div>
    <div
      col={2}
      row={5}>
      2, 5
    </div>
    <div
      col={2}
      row={6}>
      2, 6
    </div>
    <div
      col={2}
      row={7}>
      2, 7
    </div>
    <div
      col={2}
      row={8}>
      2, 8
    </div>
    <div
      col={2}
      row={9}>
      2, 9
    </div>
    <div
      col={2}
      row={10}>
      2, 10
    </div>
    <div
      col={3}
      row={1}>
      3, 1
    </div>
    <div
      col={3}
      row={2}>
      3, 2
    </div>
    <div
      col={3}
      row={3}>
      3, 3
    </div>
    <div
      col={3}
      row={4}>
      3, 4
    </div>
    <div
      col={3}
      row={5}>
      3, 5
    </div>
    <div
      col={3}
      row={6}>
      3, 6
    </div>
    <div
      col={3}
      row={7}>
      3, 7
    </div>
    <div
      col={3}
      row={8}>
      3, 8
    </div>
    <div
      col={3}
      row={9}>
      3, 9
    </div>
    <div
      col={3}
      row={10}>
      3, 10
    </div>
    <div
      col={4}
      row={1}>
      4, 1
    </div>
    <div
      col={4}
      row={2}>
      4, 2
    </div>
    <div
      col={4}
      row={3}>
      4, 3
    </div>
    <div
      col={4}
      row={4}>
      4, 4
    </div>
    <div
      col={4}
      row={5}>
      4, 5
    </div>
    <div
      col={4}
      row={6}>
      4, 6
    </div>
    <div
      col={4}
      row={7}>
      4, 7
    </div>
    <div
      col={4}
      row={8}>
      4, 8
    </div>
    <div
      col={4}
      row={9}>
      4, 9
    </div>
    <div
      col={4}
      row={10}>
      4, 10
    </div>
    <div
      col={5}
      row={1}>
      5, 1
    </div>
    <div
      col={5}
      row={2}>
      5, 2
    </div>
    <div
      col={5}
      row={3}>
      5, 3
    </div>
    <div
      col={5}
      row={4}>
      5, 4
    </div>
    <div
      col={5}
      row={5}>
      5, 5
    </div>
    <div
      col={5}
      row={6}>
      5, 6
    </div>
    <div
      col={5}
      row={7}>
      5, 7
    </div>
    <div
      col={5}
      row={8}>
      5, 8
    </div>
    <div
      col={5}
      row={9}>
      5, 9
    </div>
    <div
      col={5}
      row={10}>
      5, 10
    </div>
    <div
      col={6}
      row={1}>
      6, 1
    </div>
    <div
      col={6}
      row={2}>
      6, 2
    </div>
    <div
      col={6}
      row={3}>
      6, 3
    </div>
    <div
      col={6}
      row={4}>
      6, 4
    </div>
    <div
      col={6}
      row={5}>
      6, 5
    </div>
    <div
      col={6}
      row={6}>
      6, 6
    </div>
    <div
      col={6}
      row={7}>
      6, 7
    </div>
    <div
      col={6}
      row={8}>
      6, 8
    </div>
    <div
      col={6}
      row={9}>
      6, 9
    </div>
    <div
      col={6}
      row={10}>
      6, 10
    </div>
    <div
      col={7}
      row={1}>
      7, 1
    </div>
    <div
      col={7}
      row={2}>
      7, 2
    </div>
    <div
      col={7}
      row={3}>
      7, 3
    </div>
    <div
      col={7}
      row={4}>
      7, 4
    </div>
    <div
      col={7}
      row={5}>
      7, 5
    </div>
    <div
      col={7}
      row={6}>
      7, 6
    </div>
    <div
      col={7}
      row={7}>
      7, 7
    </div>
    <div
      col={7}
      row={8}>
      7, 8
    </div>
    <div
      col={7}
      row={9}>
      7, 9
    </div>
    <div
      col={7}
      row={10}>
      7, 10
    </div>
    <div
      col={8}
      row={1}>
      8, 1
    </div>
    <div
      col={8}
      row={2}>
      8, 2
    </div>
    <div
      col={8}
      row={3}>
      8, 3
    </div>
    <div
      col={8}
      row={4}>
      8, 4
    </div>
    <div
      col={8}
      row={5}>
      8, 5
    </div>
    <div
      col={8}
      row={6}>
      8, 6
    </div>
    <div
      col={8}
      row={7}>
      8, 7
    </div>
    <div
      col={8}
      row={8}>
      8, 8
    </div>
    <div
      col={8}
      row={9}>
      8, 9
    </div>
    <div
      col={8}
      row={10}>
      8, 10
    </div>
    <div
      col={9}
      row={1}>
      9, 1
    </div>
    <div
      col={9}
      row={2}>
      9, 2
    </div>
    <div
      col={9}
      row={3}>
      9, 3
    </div>
    <div
      col={9}
      row={4}>
      9, 4
    </div>
    <div
      col={9}
      row={5}>
      9, 5
    </div>
    <div
      col={9}
      row={6}>
      9, 6
    </div>
    <div
      col={9}
      row={7}>
      9, 7
    </div>
    <div
      col={9}
      row={8}>
      9, 8
    </div>
    <div
      col={9}
      row={9}>
      9, 9
    </div>
    <div
      col={9}
      row={10}>
      9, 10
    </div>
    <div
      col={10}
      row={1}>
      10, 1
    </div>
    <div
      col={10}
      row={2}>
      10, 2
    </div>
    <div
      col={10}
      row={3}>
      10, 3
    </div>
    <div
      col={10}
      row={4}>
      10, 4
    </div>
    <div
      col={10}
      row={5}>
      10, 5
    </div>
    <div
      col={10}
      row={6}>
      10, 6
    </div>
    <div
      col={10}
      row={7}>
      10, 7
    </div>
    <div
      col={10}
      row={8}>
      10, 8
    </div>
    <div
      col={10}
      row={9}>
      10, 9
    </div>
    <div
      col={10}
      row={10}>
      10, 10
    </div>
  </div>
  <div>
    <div
      col={1}
      row={1}>
      1, 1
    </div>
    <div
      col={1}
      row={2}>
      1, 2
    </div>
    <div
      col={1}
      row={3}>
      1, 3
    </div>
    <div
      col={1}
      row={4}>
      1, 4
    </div>
    <div
      col={1}
      row={5}>
      1, 5
    </div>
    <div
      col={1}
      row={6}>
      1, 6
    </div>
    <div
      col={1}
      row={7}>
      1, 7
    </div>
    <div
      col={1}
      row={8}>
      1, 8
    </div>
    <div
      col={1}
      row={9}>
      1, 9
    </div>
    <div
      col={1}
      row={10}>
      1, 10
    </div>
    <div
      col={2}
      row={1}>
      2, 1
    </div>
    <div
      col={2}
      row={2}>
      2, 2
    </div>
    <div
      col={2}
      row={3}>
      2, 3
    </div>
    <div
      col={2}
      row={4}>
      2, 4
    </div>
    <div
      col={2}
      row={5}>
      2, 5
    </div>
    <div
      col={2}
      row={6}>
      2, 6
    </div>
    <div
      col={2}
      row={7}>
      2, 7
    </div>
    <div
      col={2}
      row={8}>
      2, 8
    </div>
    <div
      col={2}
      row={9}>
      2, 9
    </div>
    <div
      col={2}
      row={10}>
      2, 10
    </div>
    <div
      col={3}
      row={1}>
      3, 1
    </div>
    <div
      col={3}
      row={2}>
      3, 2
    </div>
    <div
      col={3}
      row={3}>
      3, 3
    </div>
    <div
      col={3}
      row={4}>
      3, 4
    </div>
    <div
      col={3}
      row={5}>
      3, 5
    </div>
    <div
      col={3}
      row={6}>
      3, 6
    </div>
    <div
      col={3}
      row={7}>
      3, 7
    </div>
    <div
      col={3}
      row={8}>
      3, 8
    </div>
    <div
      col={3}
      row={9}>
      3, 9
    </div>
    <div
      col={3}
      row={10}>
      3, 10
    </div>
    <div
      col={4}
      row={1}>
      4, 1
    </div>
    <div
      col={4}
      row={2}>
      4, 2
    </div>
    <div
      col={4}
      row={3}>
      4, 3
    </div>
    <div
      col={4}
      row={4}>
      4, 4
    </div>
    <div
      col={4}
      row={5}>
      4, 5
    </div>
    <div
      col={4}
      row={6}>
      4, 6
    </div>
    <div
      col={4}
      row={7}>
      4, 7
    </div>
    <div
      col={4}
      row={8}>
      4, 8
    </div>
    <div
      col={4}
      row={9}>
      4, 9
    </div>
    <div
      col={4}
      row={10}>
      4, 10
    </div>
    <div
      col={5}
      row={1}>
      5, 1
    </div>
    <div
      col={5}
      row={2}>
      5, 2
    </div>
    <div
      col={5}
      row={3}>
      5, 3
    </div>
    <div
      col={5}
      row={4}>
      5, 4
    </div>
    <div
      col={5}
      row={5}>
      5, 5
    </div>
    <div
      col={5}
      row={6}>
      5, 6
    </div>
    <div
      col={5}
      row={7}>
      5, 7
    </div>
    <div
      col={5}
      row={8}>
      5, 8
    </div>
    <div
      col={5}
      row={9}>
      5, 9
    </div>
    <div
      col={5}
      row={10}>
      5, 10
    </div>
    <div
      col={6}
      row={1}>
      6, 1
    </div>
    <div
      col={6}
      row={2}>
      6, 2
    </div>
    <div
      col={6}
      row={3}>
      6, 3
    </div>
    <div
      col={6}
      row={4}>
      6, 4
    </div>
    <div
      col={6}
      row={5}>
      6, 5
    </div>
    <div
      col={6}
      row={6}>
      6, 6
    </div>
    <div
      col={6}
      row={7}>
      6, 7
    </div>
    <div
      col={6}
      row={8}>
      6, 8
    </div>
    <div
      col={6}
      row={9}>
      6, 9
    </div>
    <div
      col={6}
      row={10}>
      6, 10
    </div>
    <div
      col={7}
      row={1}>
      7, 1
    </div>
    <div
      col={7}
      row={2}>
      7, 2
    </div>
    <div
      col={7}
      row={3}>
      7, 3
    </div>
    <div
      col={7}
      row={4}>
      7, 4
    </div>
    <div
      col={7}
      row={5}>
      7, 5
    </div>
    <div
      col={7}
      row={6}>
      7, 6
    </div>
    <div
      col={7}
      row={7}>
      7, 7
    </div>
    <div
      col={7}
      row={8}>
      7, 8
    </div>
    <div
      col={7}
      row={9}>
      7, 9
    </div>
    <div
      col={7}
      row={10}>
      7, 10
    </div>
    <div
      col={8}
      row={1}>
      8, 1
    </div>
    <div
      col={8}
      row={2}>
      8, 2
    </div>
    <div
      col={8}
      row={3}>
      8, 3
    </div>
    <div
      col={8}
      row={4}>
      8, 4
    </div>
    <div
      col={8}
      row={5}>
      8, 5
    </div>
    <div
      col={8}
      row={6}>
      8, 6
    </div>
    <div
      col={8}
      row={7}>
      8, 7
    </div>
    <div
      col={8}
      row={8}>
      8, 8
    </div>
    <div
      col={8}
      row={9}>
      8, 9
    </div>
    <div
      col={8}
      row={10}>
      8, 10
    </div>
    <div
      col={9}
      row={1}>
      9, 1
    </div>
    <div
      col={9}
      row={2}>
      9, 2
    </div>
    <div
      col={9}
      row={3}>
      9, 3
    </div>
    <div
      col={9}
      row={4}>
      9, 4
    </div>
    <div
      col={9}
      row={5}>
      9, 5
    </div>
    <div
      col={9}
      row={6}>
      9, 6
    </div>
    <div
      col={9}
      row={7}>
      9, 7
    </div>
    <div
      col={9}
      row={8}>
      9, 8
    </div>
    <div
      col={9}
      row={9}>
      9, 9
    </div>
    <div
      col={9}
      row={10}>
      9, 10
    </div>
    <div
      col={10}
      row={1}>
      10, 1
    </div>
    <div
      col={10}
      row={2}>
      10, 2
    </div>
    <div
      col={10}
      row={3}>
      10, 3
    </div>
    <div
      col={10}
      row={4}>
      10, 4
    </div>
    <div
      col={10}
      row={5}>
      10, 5
    </div>
    <div
      col={10}
      row={6}>
      10, 6
    </div>
    <div
      col={10}
      row={7}>
      10, 7
    </div>
    <div
      col={10}
      row={8}>
      10, 8
    </div>
    <div
      col={10}
      row={9}>
      10, 9
    </div>
    <div
      col={10}
      row={10}>
      10, 10
    </div>
  </div>
  <div>
    <div
      col={1}
      row={1}>
      1, 1
    </div>
    <div
      col={1}
      row={2}>
      1, 2
    </div>
    <div
      col={1}
      row={3}>
      1, 3
    </div>
    <div
      col={1}
      row={4}>
      1, 4
    </div>
    <div
      col={1}
      row={5}>
      1, 5
    </div>
    <div
      col={1}
      row={6}>
      1, 6
    </div>
    <div
      col={1}
      row={7}>
      1, 7
    </div>
    <div
      col={1}
      row={8}>
      1, 8
    </div>
    <div
      col={1}
      row={9}>
      1, 9
    </div>
    <div
      col={1}
      row={10}>
      1, 10
    </div>
    <div
      col={2}
      row={1}>
      2, 1
    </div>
    <div
      col={2}
      row={2}>
      2, 2
    </div>
    <div
      col={2}
      row={3}>
      2, 3
    </div>
    <div
      col={2}
      row={4}>
      2, 4
    </div>
    <div
      col={2}
      row={5}>
      2, 5
    </div>
    <div
      col={2}
      row={6}>
      2, 6
    </div>
    <div
      col={2}
      row={7}>
      2, 7
    </div>
    <div
      col={2}
      row={8}>
      2, 8
    </div>
    <div
      col={2}
      row={9}>
      2, 9
    </div>
    <div
      col={2}
      row={10}>
      2, 10
    </div>
    <div
      col={3}
      row={1}>
      3, 1
    </div>
    <div
      col={3}
      row={2}>
      3, 2
    </div>
    <div
      col={3}
      row={3}>
      3, 3
    </div>
    <div
      col={3}
      row={4}>
      3, 4
    </div>
    <div
      col={3}
      row={5}>
      3, 5
    </div>
    <div
      col={3}
      row={6}>
      3, 6
    </div>
    <div
      col={3}
      row={7}>
      3, 7
    </div>
    <div
      col={3}
      row={8}>
      3, 8
    </div>
    <div
      col={3}
      row={9}>
      3, 9
    </div>
    <div
      col={3}
      row={10}>
      3, 10
    </div>
    <div
      col={4}
      row={1}>
      4, 1
    </div>
    <div
      col={4}
      row={2}>
      4, 2
    </div>
    <div
      col={4}
      row={3}>
      4, 3
    </div>
    <div
      col={4}
      row={4}>
      4, 4
    </div>
    <div
      col={4}
      row={5}>
      4, 5
    </div>
    <div
      col={4}
      row={6}>
      4, 6
    </div>
    <div
      col={4}
      row={7}>
      4, 7
    </div>
    <div
      col={4}
      row={8}>
      4, 8
    </div>
    <div
      col={4}
      row={9}>
      4, 9
    </div>
    <div
      col={4}
      row={10}>
      4, 10
    </div>
    <div
      col={5}
      row={1}>
      5, 1
    </div>
    <div
      col={5}
      row={2}>
      5, 2
    </div>
    <div
      col={5}
      row={3}>
      5, 3
    </div>
    <div
      col={5}
      row={4}>
      5, 4
    </div>
    <div
      col={5}
      row={5}>
      5, 5
    </div>
    <div
      col={5}
      row={6}>
      5, 6
    </div>
    <div
      col={5}
      row={7}>
      5, 7
    </div>
    <div
      col={5}
      row={8}>
      5, 8
    </div>
    <div
      col={5}
      row={9}>
      5, 9
    </div>
    <div
      col={5}
      row={10}>
      5, 10
    </div>
    <div
      col={6}
      row={1}>
      6, 1
    </div>
    <div
      col={6}
      row={2}>
      6, 2
    </div>
    <div
      col={6}
      row={3}>
      6, 3
    </div>
    <div
      col={6}
      row={4}>
      6, 4
    </div>
    <div
      col={6}
      row={5}>
      6, 5
    </div>
    <div
      col={6}
      row={6}>
      6, 6
    </div>
    <div
      col={6}
      row={7}>
      6, 7
    </div>
    <div
      col={6}
      row={8}>
      6, 8
    </div>
    <div
      col={6}
      row={9}>
      6, 9
    </div>
    <div
      col={6}
      row={10}>
      6, 10
    </div>
    <div
      col={7}
      row={1}>
      7, 1
    </div>
    <div
      col={7}
      row={2}>
      7, 2
    </div>
    <div
      col={7}
      row={3}>
      7, 3
    </div>
    <div
      col={7}
      row={4}>
      7, 4
    </div>
    <div
      col={7}
      row={5}>
      7, 5
    </div>
    <div
      col={7}
      row={6}>
      7, 6
    </div>
    <div
      col={7}
      row={7}>
      7, 7
    </div>
    <div
      col={7}
      row={8}>
      7, 8
    </div>
    <div
      col={7}
      row={9}>
      7, 9
    </div>
    <div
      col={7}
      row={10}>
      7, 10
    </div>
    <div
      col={8}
      row={1}>
      8, 1
    </div>
    <div
      col={8}
      row={2}>
      8, 2
    </div>
    <div
      col={8}
      row={3}>
      8, 3
    </div>
    <div
      col={8}
      row={4}>
      8, 4
    </div>
    <div
      col={8}
      row={5}>
      8, 5
    </div>
    <div
      col={8}
      row={6}>
      8, 6
    </div>
    <div
      col={8}
      row={7}>
      8, 7
    </div>
    <div
      col={8}
      row={8}>
      8, 8
    </div>
    <div
      col={8}
      row={9}>
      8, 9
    </div>
    <div
      col={8}
      row={10}>
      8, 10
    </div>
    <div
      col={9}
      row={1}>
      9, 1
    </div>
    <div
      col={9}
      row={2}>
      9, 2
    </div>
    <div
      col={9}
      row={3}>
      9, 3
    </div>
    <div
      col={9}
      row={4}>
      9, 4
    </div>
    <div
      col={9}
      row={5}>
      9, 5
    </div>
    <div
      col={9}
      row={6}>
      9, 6
    </div>
    <div
      col={9}
      row={7}>
      9, 7
    </div>
    <div
      col={9}
      row={8}>
      9, 8
    </div>
    <div
      col={9}
      row={9}>
      9, 9
    </div>
    <div
      col={9}
      row={10}>
      9, 10
    </div>
    <div
      col={10}
      row={1}>
      10, 1
    </div>
    <div
      col={10}
      row={2}>
      10, 2
    </div>
    <div
      col={10}
      row={3}>
      10, 3
    </div>
    <div
      col={10}
      row={4}>
      10, 4
    </div>
    <div
      col={10}
      row={5}>
      10, 5
    </div>
    <div
      col={10}
      row={6}>
      10, 6
    </div>
    <div
      col={10}
      row={7}>
      10, 7
    </div>
    <div
      col={10}
      row={8}>
      10, 8
    </div>
    <div
      col={10}
      row={9}>
      10, 9
    </div>
    <div
      col={10}
      row={10}>
      10, 10
    </div>
  </div>
  <div>
    <div
      col={1}
      row={1}>
      1, 1
    </div>
    <div
      col={1}
      row={2}>
      1, 2
    </div>
    <div
      col={1}
      row={3}>
      1, 3
    </div>
    <div
      col={1}
      row={4}>
      1, 4
    </div>
    <div
      col={1}
      row={5}>
      1, 5
    </div>
    <div
      col={1}
      row={6}>
      1, 6
    </div>
    <div
      col={1}
      row={7}>
      1, 7
    </div>
    <div
      col={1}
      row={8}>
      1, 8
    </div>
    <div
      col={1}
      row={9}>
      1, 9
    </div>
    <div
      col={1}
      row={10}>
      1, 10
    </div>
    <div
      col={2}
      row={1}>
      2, 1
    </div>
    <div
      col={2}
      row={2}>
      2, 2
    </div>
    <div
      col={2}
      row={3}>
      2, 3
    </div>
    <div
      col={2}
      row={4}>
      2, 4
    </div>
    <div
      col={2}
      row={5}>
      2, 5
    </div>
    <div
      col={2}
      row={6}>
      2, 6
    </div>
    <div
      col={2}
      row={7}>
      2, 7
    </div>
    <div
      col={2}
      row={8}>
      2, 8
    </div>
    <div
      col={2}
      row={9}>
      2, 9
    </div>
    <div
      col={2}
      row={10}>
      2, 10
    </div>
    <div
      col={3}
      row={1}>
      3, 1
    </div>
    <div
      col={3}
      row={2}>
      3, 2
    </div>
    <div
      col={3}
      row={3}>
      3, 3
    </div>
    <div
      col={3}
      row={4}>
      3, 4
    </div>
    <div
      col={3}
      row={5}>
      3, 5
    </div>
    <div
      col={3}
      row={6}>
      3, 6
    </div>
    <div
      col={3}
      row={7}>
      3, 7
    </div>
    <div
      col={3}
      row={8}>
      3, 8
    </div>
    <div
      col={3}
      row={9}>
      3, 9
    </div>
    <div
      col={3}
      row={10}>
      3, 10
    </div>
    <div
      col={4}
      row={1}>
      4, 1
    </div>
    <div
      col={4}
      row={2}>
      4, 2
    </div>
    <div
      col={4}
      row={3}>
      4, 3
    </div>
    <div
      col={4}
      row={4}>
      4, 4
    </div>
    <div
      col={4}
      row={5}>
      4, 5
    </div>
    <div
      col={4}
      row={6}>
      4, 6
    </div>
    <div
      col={4}
      row={7}>
      4, 7
    </div>
    <div
      col={4}
      row={8}>
      4, 8
    </div>
    <div
      col={4}
      row={9}>
      4, 9
    </div>
    <div
      col={4}
      row={10}>
      4, 10
    </div>
    <div
      col={5}
      row={1}>
      5, 1
    </div>
    <div
      col={5}
      row={2}>
      5, 2
    </div>
    <div
      col={5}
      row={3}>
      5, 3
    </div>
    <div
      col={5}
      row={4}>
      5, 4
    </div>
    <div
      col={5}
      row={5}>
      5, 5
    </div>
    <div
      col={5}
      row={6}>
      5, 6
    </div>
    <div
      col={5}
      row={7}>
      5, 7
    </div>
    <div
      col={5}
      row={8}>
      5, 8
    </div>
    <div
      col={5}
      row={9}>
      5, 9
    </div>
    <div
      col={5}
      row={10}>
      5, 10
    </div>
    <div
      col={6}
      row={1}>
      6, 1
    </div>
    <div
      col={6}
      row={2}>
      6, 2
    </div>
    <div
      col={6}
      row={3}>
      6, 3
    </div>
    <div
      col={6}
      row={4}>
      6, 4
    </div>
    <div
      col={6}
      row={5}>
      6, 5
    </div>
    <div
      col={6}
      row={6}>
      6, 6
    </div>
    <div
      col={6}
      row={7}>
      6, 7
    </div>
    <div
      col={6}
      row={8}>
      6, 8
    </div>
    <div
      col={6}
      row={9}>
      6, 9
    </div>
    <div
      col={6}
      row={10}>
      6, 10
    </div>
    <div
      col={7}
      row={1}>
      7, 1
    </div>
    <div
      col={7}
      row={2}>
      7, 2
    </div>
    <div
      col={7}
      row={3}>
      7, 3
    </div>
    <div
      col={7}
      row={4}>
      7, 4
    </div>
    <div
      col={7}
      row={5}>
      7, 5
    </div>
    <div
      col={7}
      row={6}>
      7, 6
    </div>
    <div
      col={7}
      row={7}>
      7, 7
    </div>
    <div
      col={7}
      row={8}>
      7, 8
    </div>
    <div
      col={7}
      row={9}>
      7, 9
    </div>
    <div
      col={7}
      row={10}>
      7, 10
    </div>
    <div
      col={8}
      row={1}>
      8, 1
    </div>
    <div
      col={8}
      row={2}>
      8, 2
    </div>
    <div
      col={8}
      row={3}>
      8, 3
    </div>
    <div
      col={8}
      row={4}>
      8, 4
    </div>
    <div
      col={8}
      row={5}>
      8, 5
    </div>
    <div
      col={8}
      row={6}>
      8, 6
    </div>
    <div
      col={8}
      row={7}>
      8, 7
    </div>
    <div
      col={8}
      row={8}>
      8, 8
    </div>
    <div
      col={8}
      row={9}>
      8, 9
    </div>
    <div
      col={8}
      row={10}>
      8, 10
    </div>
    <div
      col={9}
      row={1}>
      9, 1
    </div>
    <div
      col={9}
      row={2}>
      9, 2
    </div>
    <div
      col={9}
      row={3}>
      9, 3
    </div>
    <div
      col={9}
      row={4}>
      9, 4
    </div>
    <div
      col={9}
      row={5}>
      9, 5
    </div>
    <div
      col={9}
      row={6}>
      9, 6
    </div>
    <div
      col={9}
      row={7}>
      9, 7
    </div>
    <div
      col={9}
      row={8}>
      9, 8
    </div>
    <div
      col={9}
      row={9}>
      9, 9
    </div>
    <div
      col={9}
      row={10}>
      9, 10
    </div>
    <div
      col={10}
      row={1}>
      10, 1
    </div>
    <div
      col={10}
      row={2}>
      10, 2
    </div>
    <div
      col={10}
      row={3}>
      10, 3
    </div>
    <div
      col={10}
      row={4}>
      10, 4
    </div>
    <div
      col={10}
      row={5}>
      10, 5
    </div>
    <div
      col={10}
      row={6}>
      10, 6
    </div>
    <div
      col={10}
      row={7}>
      10, 7
    </div>
    <div
      col={10}
      row={8}>
      10, 8
    </div>
    <div
      col={10}
      row={9}>
      10, 9
    </div>
    <div
      col={10}
      row={10}>
      10, 10
    </div>
  </div>
  <div>
    <div
      col={1}
      row={1}>
      1, 1
    </div>
    <div
      col={1}
      row={2}>
      1, 2
    </div>
    <div
      col={1}
      row={3}>
      1, 3
    </div>
    <div
      col={1}
      row={4}>
      1, 4
    </div>
    <div
      col={1}
      row={5}>
      1, 5
    </div>
    <div
      col={1}
      row={6}>
      1, 6
    </div>
    <div
      col={1}
      row={7}>
      1, 7
    </div>
    <div
      col={1}
      row={8}>
      1, 8
    </div>
    <div
      col={1}
      row={9}>
      1, 9
    </div>
    <div
      col={1}
      row={10}>
      1, 10
    </div>
    <div
      col={2}
      row={1}>
      2, 1
    </div>
    <div
      col={2}
      row={2}>
      2, 2
    </div>
    <div
      col={2}
      row={3}>
      2, 3
    </div>
    <div
      col={2}
      row={4}>
      2, 4
    </div>
    <div
      col={2}
      row={5}>
      2, 5
    </div>
    <div
      col={2}
      row={6}>
      2, 6
    </div>
    <div
      col={2}
      row={7}>
      2, 7
    </div>
    <div
      col={2}
      row={8}>
      2, 8
    </div>
    <div
      col={2}
      row={9}>
      2, 9
    </div>
    <div
      col={2}
      row={10}>
      2, 10
    </div>
    <div
      col={3}
      row={1}>
      3, 1
    </div>
    <div
      col={3}
      row={2}>
      3, 2
    </div>
    <div
      col={3}
      row={3}>
      3, 3
    </div>
    <div
      col={3}
      row={4}>
      3, 4
    </div>
    <div
      col={3}
      row={5}>
      3, 5
    </div>
    <div
      col={3}
      row={6}>
      3, 6
    </div>
    <div
      col={3}
      row={7}>
      3, 7
    </div>
    <div
      col={3}
      row={8}>
      3, 8
    </div>
    <div
      col={3}
      row={9}>
      3, 9
    </div>
    <div
      col={3}
      row={10}>
      3, 10
    </div>
    <div
      col={4}
      row={1}>
      4, 1
    </div>
    <div
      col={4}
      row={2}>
      4, 2
    </div>
    <div
      col={4}
      row={3}>
      4, 3
    </div>
    <div
      col={4}
      row={4}>
      4, 4
    </div>
    <div
      col={4}
      row={5}>
      4, 5
    </div>
    <div
      col={4}
      row={6}>
      4, 6
    </div>
    <div
      col={4}
      row={7}>
      4, 7
    </div>
    <div
      col={4}
      row={8}>
      4, 8
    </div>
    <div
      col={4}
      row={9}>
      4, 9
    </div>
    <div
      col={4}
      row={10}>
      4, 10
    </div>
    <div
      col={5}
      row={1}>
      5, 1
    </div>
    <div
      col={5}
      row={2}>
      5, 2
    </div>
    <div
      col={5}
      row={3}>
      5, 3
    </div>
    <div
      col={5}
      row={4}>
      5, 4
    </div>
    <div
      col={5}
      row={5}>
      5, 5
    </div>
    <div
      col={5}
      row={6}>
      5, 6
    </div>
    <div
      col={5}
      row={7}>
      5, 7
    </div>
    <div
      col={5}
      row={8}>
      5, 8
    </div>
    <div
      col={5}
      row={9}>
      5, 9
    </div>
    <div
      col={5}
      row={10}>
      5, 10
    </div>
    <div
      col={6}
      row={1}>
      6, 1
    </div>
    <div
      col={6}
      row={2}>
      6, 2
    </div>
    <div
      col={6}
      row={3}>
      6, 3
    </div>
    <div
      col={6}
      row={4}>
      6, 4
    </div>
    <div
      col={6}
      row={5}>
      6, 5
    </div>
    <div
      col={6}
      row={6}>
      6, 6
    </div>
    <div
      col={6}
      row={7}>
      6, 7
    </div>
    <div
      col={6}
      row={8}>
      6, 8
    </div>
    <div
      col={6}
      row={9}>
      6, 9
    </div>
    <div
      col={6}
      row={10}>
      6, 10
    </div>
    <div
      col={7}
      row={1}>
      7, 1
    </div>
    <div
      col={7}
      row={2}>
      7, 2
    </div>
    <div
      col={7}
      row={3}>
      7, 3
    </div>
    <div
      col={7}
      row={4}>
      7, 4
    </div>
    <div
      col={7}
      row={5}>
      7, 5
    </div>
    <div
      col={7}
      row={6}>
      7, 6
    </div>
    <div
      col={7}
      row={7}>
      7, 7
    </div>
    <div
      col={7}
      row={8}>
      7, 8
    </div>
    <div
      col={7}
      row={9}>
      7, 9
    </div>
    <div
      col={7}
      row={10}>
      7, 10
    </div>
    <div
      col={8}
      row={1}>
      8, 1
    </div>
    <div
      col={8}
      row={2}>
      8, 2
    </div>
    <div
      col={8}
      row={3}>
      8, 3
    </div>
    <div
      col={8}
      row={4}>
      8, 4
    </div>
    <div
      col={8}
      row={5}>
      8, 5
    </div>
    <div
      col={8}
      row={6}>
      8, 6
    </div>
    <div
      col={8}
      row={7}>
      8, 7
    </div>
    <div
      col={8}
      row={8}>
      8, 8
    </div>
    <div
      col={8}
      row={9}>
      8, 9
    </div>
    <div
      col={8}
      row={10}>
      8, 10
    </div>
    <div
      col={9}
      row={1}>
      9, 1
    </div>
    <div
      col={9}
      row={2}>
      9, 2
    </div>
    <div
      col={9}
      row={3}>
      9, 3
    </div>
    <div
      col={9}
      row={4}>
      9, 4
    </div>
    <div
      col={9}
      row={5}>
      9, 5
    </div>
    <div
      col={9}
      row={6}>
      9, 6
    </div>
    <div
      col={9}
      row={7}>
      9, 7
    </div>
    <div
      col={9}
      row={8}>
      9, 8
    </div>
    <div
      col={9}
      row={9}>
      9, 9
    </div>
    <div
      col={9}
      row={10}>
      9, 10
    </div>
    <div
      col={10}
      row={1}>
      10, 1
    </div>
    <div
      col={10}
      row={2}>
      10, 2
    </div>
    <div
      col={10}
      row={3}>
      10, 3
    </div>
    <div
      col={10}
      row={4}>
      10, 4
    </div>
    <div
      col={10}
      row={5}>
      10, 5
    </div>
    <div
      col={10}
      row={6}>
      10, 6
    </div>
    <div
      col={10}
      row={7}>
      10, 7
    </div>
    <div
      col={10}
      row={8}>
      10, 8
    </div>
    <div
      col={10}
      row={9}>
      10, 9
    </div>
    <div
      col={10}
      row={10}>
      10, 10
    </div>
  </div>
  <div>
    <div
      col={1}
      row={1}>
      1, 1
    </div>
    <div
      col={1}
      row={2}>
      1, 2
    </div>
    <div
      col={1}
      row={3}>
      1, 3
    </div>
    <div
      col={1}
      row={4}>
      1, 4
    </div>
    <div
      col={1}
      row={5}>
      1, 5
    </div>
    <div
      col={1}
      row={6}>
      1, 6
    </div>
    <div
      col={1}
      row={7}>
      1, 7
    </div>
    <div
      col={1}
      row={8}>
      1, 8
    </div>
    <div
      col={1}
      row={9}>
      1, 9
    </div>
    <div
      col={1}
      row={10}>
      1, 10
    </div>
    <div
      col={2}
      row={1}>
      2, 1
    </div>
    <div
      col={2}
      row={2}>
      2, 2
    </div>
    <div
      col={2}
      row={3}>
      2, 3
    </div>
    <div
      col={2}
      row={4}>
      2, 4
    </div>
    <div
      col={2}
      row={5}>
      2, 5
    </div>
    <div
      col={2}
      row={6}>
      2, 6
    </div>
    <div
      col={2}
      row={7}>
      2, 7
    </div>
    <div
      col={2}
      row={8}>
      2, 8
    </div>
    <div
      col={2}
      row={9}>
      2, 9
    </div>
    <div
      col={2}
      row={10}>
      2, 10
    </div>
    <div
      col={3}
      row={1}>
      3, 1
    </div>
    <div
      col={3}
      row={2}>
      3, 2
    </div>
    <div
      col={3}
      row={3}>
      3, 3
    </div>
    <div
      col={3}
      row={4}>
      3, 4
    </div>
    <div
      col={3}
      row={5}>
      3, 5
    </div>
    <div
      col={3}
      row={6}>
      3, 6
    </div>
    <div
      col={3}
      row={7}>
      3, 7
    </div>
    <div
      col={3}
      row={8}>
      3, 8
    </div>
    <div
      col={3}
      row={9}>
      3, 9
    </div>
    <div
      col={3}
      row={10}>
      3, 10
    </div>
    <div
      col={4}
      row={1}>
      4, 1
    </div>
    <div
      col={4}
      row={2}>
      4, 2
    </div>
    <div
      col={4}
      row={3}>
      4, 3
    </div>
    <div
      col={4}
      row={4}>
      4, 4
    </div>
    <div
      col={4}
      row={5}>
      4, 5
    </div>
    <div
      col={4}
      row={6}>
      4, 6
    </div>
    <div
      col={4}
      row={7}>
      4, 7
    </div>
    <div
      col={4}
      row={8}>
      4, 8
    </div>
    <div
      col={4}
      row={9}>
      4, 9
    </div>
    <div
      col={4}
      row={10}>
      4, 10
    </div>
    <div
      col={5}
      row={1}>
      5, 1
    </div>
    <div
      col={5}
      row={2}>
      5, 2
    </div>
    <div
      col={5}
      row={3}>
      5, 3
    </div>
    <div
      col={5}
      row={4}>
      5, 4
    </div>
    <div
      col={5}
      row={5}>
      5, 5
    </div>
    <div
      col={5}
      row={6}>
      5, 6
    </div>
    <div
      col={5}
      row={7}>
      5, 7
    </div>
    <div
      col={5}
      row={8}>
      5, 8
    </div>
    <div
      col={5}
      row={9}>
      5, 9
    </div>
    <div
      col={5}
      row={10}>
      5, 10
    </div>
    <div
      col={6}
      row={1}>
      6, 1
    </div>
    <div
      col={6}
      row={2}>
      6, 2
    </div>
    <div
      col={6}
      row={3}>
      6, 3
    </div>
    <div
      col={6}
      row={4}>
      6, 4
    </div>
    <div
      col={6}
      row={5}>
      6, 5
    </div>
    <div
      col={6}
      row={6}>
      6, 6
    </div>
    <div
      col={6}
      row={7}>
      6, 7
    </div>
    <div
      col={6}
      row={8}>
      6, 8
    </div>
    <div
      col={6}
      row={9}>
      6, 9
    </div>
    <div
      col={6}
      row={10}>
      6, 10
    </div>
    <div
      col={7}
      row={1}>
      7, 1
    </div>
    <div
      col={7}
      row={2}>
      7, 2
    </div>
    <div
      col={7}
      row={3}>
      7, 3
    </div>
    <div
      col={7}
      row={4}>
      7, 4
    </div>
    <div
      col={7}
      row={5}>
      7, 5
    </div>
    <div
      col={7}
      row={6}>
      7, 6
    </div>
    <div
      col={7}
      row={7}>
      7, 7
    </div>
    <div
      col={7}
      row={8}>
      7, 8
    </div>
    <div
      col={7}
      row={9}>
      7, 9
    </div>
    <div
      col={7}
      row={10}>
      7, 10
    </div>
    <div
      col={8}
      row={1}>
      8, 1
    </div>
    <div
      col={8}
      row={2}>
      8, 2
    </div>
    <div
      col={8}
      row={3}>
      8, 3
    </div>
    <div
      col={8}
      row={4}>
      8, 4
    </div>
    <div
      col={8}
      row={5}>
      8, 5
    </div>
    <div
      col={8}
      row={6}>
      8, 6
    </div>
    <div
      col={8}
      row={7}>
      8, 7
    </div>
    <div
      col={8}
      row={8}>
      8, 8
    </div>
    <div
      col={8}
      row={9}>
      8, 9
    </div>
    <div
      col={8}
      row={10}>
      8, 10
    </div>
    <div
      col={9}
      row={1}>
      9, 1
    </div>
    <div
      col={9}
      row={2}>
      9, 2
    </div>
    <div
      col={9}
      row={3}>
      9, 3
    </div>
    <div
      col={9}
      row={4}>
      9, 4
    </div>
    <div
      col={9}
      row={5}>
      9, 5
    </div>
    <div
      col={9}
      row={6}>
      9, 6
    </div>
    <div
      col={9}
      row={7}>
      9, 7
    </div>
    <div
      col={9}
      row={8}>
      9, 8
    </div>
    <div
      col={9}
      row={9}>
      9, 9
    </div>
    <div
      col={9}
      row={10}>
      9, 10
    </div>
    <div
      col={10}
      row={1}>
      10, 1
    </div>
    <div
      col={10}
      row={2}>
      10, 2
    </div>
    <div
      col={10}
      row={3}>
      10, 3
    </div>
    <div
      col={10}
      row={4}>
      10, 4
    </div>
    <div
      col={10}
      row={5}>
      10, 5
    </div>
    <div
      col={10}
      row={6}>
      10, 6
    </div>
    <div
      col={10}
      row={7}>
      10, 7
    </div>
    <div
      col={10}
      row={8}>
      10, 8
    </div>
    <div
      col={10}
      row={9}>
      10, 9
    </div>
    <div
      col={10}
      row={10}>
      10, 10
    </div>
  </div>
  <div>
    <div
      col={1}
      row={1}>
      1, 1
    </div>
    <div
      col={1}
      row={2}>
      1, 2
    </div>
    <div
      col={1}
      row={3}>
      1, 3
    </div>
    <div
      col={1}
      row={4}>
      1, 4
    </div>
    <div
      col={1}
      row={5}>
      1, 5
    </div>
    <div
      col={1}
      row={6}>
      1, 6
    </div>
    <div
      col={1}
      row={7}>
      1, 7
    </div>
    <div
      col={1}
      row={8}>
      1, 8
    </div>
    <div
      col={1}
      row={9}>
      1, 9
    </div>
    <div
      col={1}
      row={10}>
      1, 10
    </div>
    <div
      col={2}
      row={1}>
      2, 1
    </div>
    <div
      col={2}
      row={2}>
      2, 2
    </div>
    <div
      col={2}
      row={3}>
      2, 3
    </div>
    <div
      col={2}
      row={4}>
      2, 4
    </div>
    <div
      col={2}
      row={5}>
      2, 5
    </div>
    <div
      col={2}
      row={6}>
      2, 6
    </div>
    <div
      col={2}
      row={7}>
      2, 7
    </div>
    <div
      col={2}
      row={8}>
      2, 8
    </div>
    <div
      col={2}
      row={9}>
      2, 9
    </div>
    <div
      col={2}
      row={10}>
      2, 10
    </div>
    <div
      col={3}
      row={1}>
      3, 1
    </div>
    <div
      col={3}
      row={2}>
      3, 2
    </div>
    <div
      col={3}
      row={3}>
      3, 3
    </div>
    <div
      col={3}
      row={4}>
      3, 4
    </div>
    <div
      col={3}
      row={5}>
      3, 5
    </div>
    <div
      col={3}
      row={6}>
      3, 6
    </div>
    <div
      col={3}
      row={7}>
      3, 7
    </div>
    <div
      col={3}
      row={8}>
      3, 8
    </div>
    <div
      col={3}
      row={9}>
      3, 9
    </div>
    <div
      col={3}
      row={10}>
      3, 10
    </div>
    <div
      col={4}
      row={1}>
      4, 1
    </div>
    <div
      col={4}
      row={2}>
      4, 2
    </div>
    <div
      col={4}
      row={3}>
      4, 3
    </div>
    <div
      col={4}
      row={4}>
      4, 4
    </div>
    <div
      col={4}
      row={5}>
      4, 5
    </div>
    <div
      col={4}
      row={6}>
      4, 6
    </div>
    <div
      col={4}
      row={7}>
      4, 7
    </div>
    <div
      col={4}
      row={8}>
      4, 8
    </div>
    <div
      col={4}
      row={9}>
      4, 9
    </div>
    <div
      col={4}
      row={10}>
      4, 10
    </div>
    <div
      col={5}
      row={1}>
      5, 1
    </div>
    <div
      col={5}
      row={2}>
      5, 2
    </div>
    <div
      col={5}
      row={3}>
      5, 3
    </div>
    <div
      col={5}
      row={4}>
      5, 4
    </div>
    <div
      col={5}
      row={5}>
      5, 5
    </div>
    <div
      col={5}
      row={6}>
      5, 6
    </div>
    <div
      col={5}
      row={7}>
      5, 7
    </div>
    <div
      col={5}
      row={8}>
      5, 8
    </div>
    <div
      col={5}
      row={9}>
      5, 9
    </div>
    <div
      col={5}
      row={10}>
      5, 10
    </div>
    <div
      col={6}
      row={1}>
      6, 1
    </div>
    <div
      col={6}
      row={2}>
      6, 2
    </div>
    <div
      col={6}
      row={3}>
      6, 3
    </div>
    <div
      col={6}
      row={4}>
      6, 4
    </div>
    <div
      col={6}
      row={5}>
      6, 5
    </div>
    <div
      col={6}
      row={6}>
      6, 6
    </div>
    <div
      col={6}
      row={7}>
      6, 7
    </div>
    <div
      col={6}
      row={8}>
      6, 8
    </div>
    <div
      col={6}
      row={9}>
      6, 9
    </div>
    <div
      col={6}
      row={10}>
      6, 10
    </div>
    <div
      col={7}
      row={1}>
      7, 1
    </div>
    <div
      col={7}
      row={2}>
      7, 2
    </div>
    <div
      col={7}
      row={3}>
      7, 3
    </div>
    <div
      col={7}
      row={4}>
      7, 4
    </div>
    <div
      col={7}
      row={5}>
      7, 5
    </div>
    <div
      col={7}
      row={6}>
      7, 6
    </div>
    <div
      col={7}
      row={7}>
      7, 7
    </div>
    <div
      col={7}
      row={8}>
      7, 8
    </div>
    <div
      col={7}
      row={9}>
      7, 9
    </div>
    <div
      col={7}
      row={10}>
      7, 10
    </div>
    <div
      col={8}
      row={1}>
      8, 1
    </div>
    <div
      col={8}
      row={2}>
      8, 2
    </div>
    <div
      col={8}
      row={3}>
      8, 3
    </div>
    <div
      col={8}
      row={4}>
      8, 4
    </div>
    <div
      col={8}
      row={5}>
      8, 5
    </div>
    <div
      col={8}
      row={6}>
      8, 6
    </div>
    <div
      col={8}
      row={7}>
      8, 7
    </div>
    <div
      col={8}
      row={8}>
      8, 8
    </div>
    <div
      col={8}
      row={9}>
      8, 9
    </div>
    <div
      col={8}
      row={10}>
      8, 10
    </div>
    <div
      col={9}
      row={1}>
      9, 1
    </div>
    <div
      col={9}
      row={2}>
      9, 2
    </div>
    <div
      col={9}
      row={3}>
      9, 3
    </div>
    <div
      col={9}
      row={4}>
      9, 4
    </div>
    <div
      col={9}
      row={5}>
      9, 5
    </div>
    <div
      col={9}
      row={6}>
      9, 6
    </div>
    <div
      col={9}
      row={7}>
      9, 7
    </div>
    <div
      col={9}
      row={8}>
      9, 8
    </div>
    <div
      col={9}
      row={9}>
      9, 9
    </div>
    <div
      col={9}
      row={10}>
      9, 10
    </div>
    <div
      col={10}
      row={1}>
      10, 1
    </div>
    <div
      col={10}
      row={2}>
      10, 2
    </div>
    <div
      col={10}
      row={3}>
      10, 3
    </div>
    <div
      col={10}
      row={4}>
      10, 4
    </div>
    <div
      col={10}
      row={5}>
      10, 5
    </div>
    <div
      col={10}
      row={6}>
      10, 6
    </div>
    <div
      col={10}
      row={7}>
      10, 7
    </div>
    <div
      col={10}
      row={8}>
      10, 8
    </div>
    <div
      col={10}
      row={9}>
      10, 9
    </div>
    <div
      col={10}
      row={10}>
      10, 10
    </div>
  </div>
  <div>
    <div
      col={1}
      row={1}>
      1, 1
    </div>
    <div
      col={1}
      row={2}>
      1, 2
    </div>
    <div
      col={1}
      row={3}>
      1, 3
    </div>
    <div
      col={1}
      row={4}>
      1, 4
    </div>
    <div
      col={1}
      row={5}>
      1, 5
    </div>
    <div
      col={1}
      row={6}>
      1, 6
    </div>
    <div
      col={1}
      row={7}>
      1, 7
    </div>
    <div
      col={1}
      row={8}>
      1, 8
    </div>
    <div
      col={1}
      row={9}>
      1, 9
    </div>
    <div
      col={1}
      row={10}>
      1, 10
    </div>
    <div
      col={2}
      row={1}>
      2, 1
    </div>
    <div
      col={2}
      row={2}>
      2, 2
    </div>
    <div
      col={2}
      row={3}>
      2, 3
    </div>
    <div
      col={2}
      row={4}>
      2, 4
    </div>
    <div
      col={2}
      row={5}>
      2, 5
    </div>
    <div
      col={2}
      row={6}>
      2, 6
    </div>
    <div
      col={2}
      row={7}>
      2, 7
    </div>
    <div
      col={2}
      row={8}>
      2, 8
    </div>
    <div
      col={2}
      row={9}>
      2, 9
    </div>
    <div
      col={2}
      row={10}>
      2, 10
    </div>
    <div
      col={3}
      row={1}>
      3, 1
    </div>
    <div
      col={3}
      row={2}>
      3, 2
    </div>
    <div
      col={3}
      row={3}>
      3, 3
    </div>
    <div
      col={3}
      row={4}>
      3, 4
    </div>
    <div
      col={3}
      row={5}>
      3, 5
    </div>
    <div
      col={3}
      row={6}>
      3, 6
    </div>
    <div
      col={3}
      row={7}>
      3, 7
    </div>
    <div
      col={3}
      row={8}>
      3, 8
    </div>
    <div
      col={3}
      row={9}>
      3, 9
    </div>
    <div
      col={3}
      row={10}>
      3, 10
    </div>
    <div
      col={4}
      row={1}>
      4, 1
    </div>
    <div
      col={4}
      row={2}>
      4, 2
    </div>
    <div
      col={4}
      row={3}>
      4, 3
    </div>
    <div
      col={4}
      row={4}>
      4, 4
    </div>
    <div
      col={4}
      row={5}>
      4, 5
    </div>
    <div
      col={4}
      row={6}>
      4, 6
    </div>
    <div
      col={4}
      row={7}>
      4, 7
    </div>
    <div
      col={4}
      row={8}>
      4, 8
    </div>
    <div
      col={4}
      row={9}>
      4, 9
    </div>
    <div
      col={4}
      row={10}>
      4, 10
    </div>
    <div
      col={5}
      row={1}>
      5, 1
    </div>
    <div
      col={5}
      row={2}>
      5, 2
    </div>
    <div
      col={5}
      row={3}>
      5, 3
    </div>
    <div
      col={5}
      row={4}>
      5, 4
    </div>
    <div
      col={5}
      row={5}>
      5, 5
    </div>
    <div
      col={5}
      row={6}>
      5, 6
    </div>
    <div
      col={5}
      row={7}>
      5, 7
    </div>
    <div
      col={5}
      row={8}>
      5, 8
    </div>
    <div
      col={5}
      row={9}>
      5, 9
    </div>
    <div
      col={5}
      row={10}>
      5, 10
    </div>
    <div
      col={6}
      row={1}>
      6, 1
    </div>
    <div
      col={6}
      row={2}>
      6, 2
    </div>
    <div
      col={6}
      row={3}>
      6, 3
    </div>
    <div
      col={6}
      row={4}>
      6, 4
    </div>
    <div
      col={6}
      row={5}>
      6, 5
    </div>
    <div
      col={6}
      row={6}>
      6, 6
    </div>
    <div
      col={6}
      row={7}>
      6, 7
    </div>
    <div
      col={6}
      row={8}>
      6, 8
    </div>
    <div
      col={6}
      row={9}>
      6, 9
    </div>
    <div
      col={6}
      row={10}>
      6, 10
    </div>
    <div
      col={7}
      row={1}>
      7, 1
    </div>
    <div
      col={7}
      row={2}>
      7, 2
    </div>
    <div
      col={7}
      row={3}>
      7, 3
    </div>
    <div
      col={7}
      row={4}>
      7, 4
    </div>
    <div
      col={7}
      row={5}>
      7, 5
    </div>
    <div
      col={7}
      row={6}>
      7, 6
    </div>
    <div
      col={7}
      row={7}>
      7, 7
    </div>
    <div
      col={7}
      row={8}>
      7, 8
    </div>
    <div
      col={7}
      row={9}>
      7, 9
    </div>
    <div
      col={7}
      row={10}>
      7, 10
    </div>
    <div
      col={8}
      row={1}>
      8, 1
    </div>
    <div
      col={8}
      row={2}>
      8, 2
    </div>
    <div
      col={8}
      row={3}>
      8, 3
    </div>
    <div
      col={8}
      row={4}>
      8, 4
    </div>
    <div
      col={8}
      row={5}>
      8, 5
    </div>
    <div
      col={8}
      row={6}>
      8, 6
    </div>
    <div
      col={8}
      row={7}>
      8, 7
    </div>
    <div
      col={8}
      row={8}>
      8, 8
    </div>
    <div
      col={8}
      row={9}>
      8, 9
    </div>
    <div
      col={8}
      row={10}>
      8, 10
    </div>
    <div
      col={9}
      row={1}>
      9, 1
    </div>
    <div
      col={9}
      row={2}>
      9, 2
    </div>
    <div
      col={9}
      row={3}>
      9, 3
    </div>
    <div
      col={9}
      row={4}>
      9, 4
    </div>
    <div
      col={9}
      row={5}>
      9, 5
    </div>
    <div
      col={9}
      row={6}>
      9, 6
    </div>
    <div
      col={9}
      row={7}>
      9, 7
    </div>
    <div
      col={9}
      row={8}>
      9, 8
    </div>
    <div
      col={9}
      row={9}>
      9, 9
    </div>
    <div
      col={9}
      row={10}>
      9, 10
    </div>
    <div
      col={10}
      row={1}>
      10, 1
    </div>
    <div
      col={10}
      row={2}>
      10, 2
    </div>
    <div
      col={10}
      row={3}>
      10, 3
    </div>
    <div
      col={10}
      row={4}>
      10, 4
    </div>
    <div
      col={10}
      row={5}>
      10, 5
    </div>
    <div
      col={10}
      row={6}>
      10, 6
    </div>
    <div
      col={10}
      row={7}>
      10, 7
    </div>
    <div
      col={10}
      row={8}>
      10, 8
    </div>
    <div
      col={10}
      row={9}>
      10, 9
    </div>
    <div
      col={10}
      row={10}>
      10, 10
    </div>
  </div>
  <div>
    <div
      col={1}
      row={1}>
      1, 1
    </div>
    <div
      col={1}
      row={2}>
      1, 2
    </div>
    <div
      col={1}
      row={3}>
      1, 3
    </div>
    <div
      col={1}
      row={4}>
      1, 4
    </div>
    <div
      col={1}
      row={5}>
      1, 5
    </div>
    <div
      col={1}
      row={6}>
      1, 6
    </div>
    <div
      col={1}
      row={7}>
      1, 7
    </div>
    <div
      col={1}
      row={8}>
      1, 8
    </div>
    <div
      col={1}
      row={9}>
      1, 9
    </div>
    <div
      col={1}
      row={10}>
      1, 10
    </div>
    <div
      col={2}
      row={1}>
      2, 1
    </div>
    <div
      col={2}
      row={2}>
      2, 2
    </div>
    <div
      col={2}
      row={3}>
      2, 3
    </div>
    <div
      col={2}
      row={4}>
      2, 4
    </div>
    <div
      col={2}
      row={5}>
      2, 5
    </div>
    <div
      col={2}
      row={6}>
      2, 6
    </div>
    <div
      col={2}
      row={7}>
      2, 7
    </div>
    <div
      col={2}
      row={8}>
      2, 8
    </div>
    <div
      col={2}
      row={9}>
      2, 9
    </div>
    <div
      col={2}
      row={10}>
      2, 10
    </div>
    <div
      col={3}
      row={1}>
      3, 1
    </div>
    <div
      col={3}
      row={2}>
      3, 2
    </div>
    <div
      col={3}
      row={3}>
      3, 3
    </div>
    <div
      col={3}
      row={4}>
      3, 4
    </div>
    <div
      col={3}
      row={5}>
      3, 5
    </div>
    <div
      col={3}
      row={6}>
      3, 6
    </div>
    <div
      col={3}
      row={7}>
      3, 7
    </div>
    <div
      col={3}
      row={8}>
      3, 8
    </div>
    <div
      col={3}
      row={9}>
      3, 9
    </div>
    <div
      col={3}
      row={10}>
      3, 10
    </div>
    <div
      col={4}
      row={1}>
      4, 1
    </div>
    <div
      col={4}
      row={2}>
      4, 2
    </div>
    <div
      col={4}
      row={3}>
      4, 3
    </div>
    <div
      col={4}
      row={4}>
      4, 4
    </div>
    <div
      col={4}
      row={5}>
      4, 5
    </div>
    <div
      col={4}
      row={6}>
      4, 6
    </div>
    <div
      col={4}
      row={7}>
      4, 7
    </div>
    <div
      col={4}
      row={8}>
      4, 8
    </div>
    <div
      col={4}
      row={9}>
      4, 9
    </div>
    <div
      col={4}
      row={10}>
      4, 10
    </div>
    <div
      col={5}
      row={1}>
      5, 1
    </div>
    <div
      col={5}
      row={2}>
      5, 2
    </div>
    <div
      col={5}
      row={3}>
      5, 3
    </div>
    <div
      col={5}
      row={4}>
      5, 4
    </div>
    <div
      col={5}
      row={5}>
      5, 5
    </div>
    <div
      col={5}
      row={6}>
      5, 6
    </div>
    <div
      col={5}
      row={7}>
      5, 7
    </div>
    <div
      col={5}
      row={8}>
      5, 8
    </div>
    <div
      col={5}
      row={9}>
      5, 9
    </div>
    <div
      col={5}
      row={10}>
      5, 10
    </div>
    <div
      col={6}
      row={1}>
      6, 1
    </div>
    <div
      col={6}
      row={2}>
      6, 2
    </div>
    <div
      col={6}
      row={3}>
      6, 3
    </div>
    <div
      col={6}
      row={4}>
      6, 4
    </div>
    <div
      col={6}
      row={5}>
      6, 5
    </div>
    <div
      col={6}
      row={6}>
      6, 6
    </div>
    <div
      col={6}
      row={7}>
      6, 7
    </div>
    <div
      col={6}
      row={8}>
      6, 8
    </div>
    <div
      col={6}
      row={9}>
      6, 9
    </div>
    <div
      col={6}
      row={10}>
      6, 10
    </div>
    <div
      col={7}
      row={1}>
      7, 1
    </div>
    <div
      col={7}
      row={2}>
      7, 2
    </div>
    <div
      col={7}
      row={3}>
      7, 3
    </div>
    <div
      col={7}
      row={4}>
      7, 4
    </div>
    <div
      col={7}
      row={5}>
      7, 5
    </div>
    <div
      col={7}
      row={6}>
      7, 6
    </div>
    <div
      col={7}
      row={7}>
      7, 7
    </div>
    <div
      col={7}
      row={8}>
      7, 8
    </div>
    <div
      col={7}
      row={9}>
      7, 9
    </div>
    <div
      col={7}
      row={10}>
      7, 10
    </div>
    <div
      col={8}
      row={1}>
      8, 1
    </div>
    <div
      col={8}
      row={2}>
      8, 2
    </div>
    <div
      col={8}
      row={3}>
      8, 3
    </div>
    <div
      col={8}
      row={4}>
      8, 4
    </div>
    <div
      col={8}
      row={5}>
      8, 5
    </div>
    <div
      col={8}
      row={6}>
      8, 6
    </div>
    <div
      col={8}
      row={7}>
      8, 7
    </div>
    <div
      col={8}
      row={8}>
      8, 8
    </div>
    <div
      col={8}
      row={9}>
      8, 9
    </div>
    <div
      col={8}
      row={10}>
      8, 10
    </div>
    <div
      col={9}
      row={1}>
      9, 1
    </div>
    <div
      col={9}
      row={2}>
      9, 2
    </div>
    <div
      col={9}
      row={3}>
      9, 3
    </div>
    <div
      col={9}
      row={4}>
      9, 4
    </div>
    <div
      col={9}
      row={5}>
      9, 5
    </div>
    <div
      col={9}
      row={6}>
      9, 6
    </div>
    <div
      col={9}
      row={7}>
      9, 7
    </div>
    <div
      col={9}
      row={8}>
      9, 8
    </div>
    <div
      col={9}
      row={9}>
      9, 9
    </div>
    <div
      col={9}
      row={10}>
      9, 10
    </div>
    <div
      col={10}
      row={1}>
      10, 1
    </div>
    <div
      col={10}
      row={2}>
      10, 2
    </div>
    <div
      col={10}
      row={3}>
      10, 3
    </div>
    <div
      col={10}
      row={4}>
      10, 4
    </div>
    <div
      col={10}
      row={5}>
      10, 5
    </div>
    <div
      col={10}
      row={6}>
      10, 6
    </div>
    <div
      col={10}
      row={7}>
      10, 7
    </div>
    <div
      col={10}
      row={8}>
      10, 8
    </div>
    <div
      col={10}
      row={9}>
      10, 9
    </div>
    <div
      col={10}
      row={10}>
      10, 10
    </div>
  </div>
  <button
    onClick={[Function anonymous]}>
    get XLSX
  </button>
</div>
`;

exports[`test simple renders 1`] = `
<div>
  <div>
    <div>
      <div>
        nested
      </div>
    </div>
  </div>
  <div>
    <span>
      I am bored
    </span>
    <span>
      plain string
    </span>
  </div>
  <button
    onClick={[Function anonymous]}>
    get XLSX
  </button>
</div>
`;

exports[`test throws prop type error if has no cells 1`] = `
<div>
  <div>
    ts
  </div>
</div>
`;
